
> placers-website@0.1.0 build
> next build

   ▲ Next.js 15.3.8
   - Environments: .env.local

   Creating an optimized production build ...
 ✓ Compiled successfully in 7.0s
   Linting and checking validity of types ...

Failed to compile.

./app/api/auth/[...nextauth]/route.ts
15:24  Error: 'user' is defined but never used.  @typescript-eslint/no-unused-vars
15:30  Error: 'account' is defined but never used.  @typescript-eslint/no-unused-vars

./components/homepage/Filters.tsx
52:11  Error: 't' is assigned a value but never used.  @typescript-eslint/no-unused-vars

info  - Need to disable some ESLint rules? Learn more here: https://nextjs.org/docs/app/api-reference/config/eslint#disabling-rules
